{
  "objects": 62,
  "printed": [
    "ModulePanel",
    "ButtonCap",
    "ButtonCartridge",
    "StatusLens",
    "ChargeLens"
  ],
  "a5_intersections": [],
  "functional_checks": {
    "cap_against_panel_rest_mm3": 0.0,
    "cap_against_panel_pressed_mm3": 0.0,
    "cap_against_cartridge_pressed_mm3": 0.0,
    "cartridge_against_panel_mm3": 0.0,
    "usb_board_against_panel_mm3": 0.0,
    "usb_connector_against_panel_mm3": 0.0,
    "button_initial_gap_mm": 0.10000000000000142,
    "button_hard_stop_travel_mm": 0.3999999999999986
  },
  "master_preserved": true
}
BUILT 69 printed 10
01-cuerpo closed 12318
02-chasis-base closed 14308
03-cuna-bateria-imu-power closed 6188
04-tapa-antena closed 4592
05-panel-usb-boton closed 9628
06-prensa-imu closed 628
07-actuador-boton closed 736
08-cartucho-boton closed 1002
09-difusor-estado closed 608
10-difusor-carga closed 616
EXPORTS True
PARES 10
MOVIMIENTO panel
MOVIMIENTO cap
MOVIMIENTO shell
MOVIMIENTO loaded_carrier
MOVIMIENTO battery
MOVIMIENTO powerboost
MOVIMIENTO soft_power
MOVIMIENTO insert_lift
MOVIMIENTO insert_rear
MOVIMIENTO imu_nutbar
MOVIMIENTO imu_board
MOVIMIENTO gnss
MOVIMIENTO sd
MOVIMIENTO tiny
MOVIMIENTO adapter
MOVIMIENTO button_cartridge
MOVIMIENTO button_stroke
HERRAMIENTAS 19
MOVIMIENTO imu_alignment_gauge
RESULT True []
READY FOR FIRST FULL PROTOTYPE PRINT: YES
